[33mÔØ»[39m Building...
[32mÔ£ö[39m Building...
Application bundle generation failed. [3.857 seconds] - 2026-03-07T05:16:12.947Z

node.exe : 
[1m[31m[31mX [41;31
m[[41;97mERROR[41;31m
][0m [1mTS2307: 
Cannot find module './p
ages/admin/dashboard-ad
min' or its 
corresponding type 
declarations.[0m 
[1m[35m[plugin 
angular-compiler][0m
En línea: 1 Carácter: 1
+ & "C:\Program 
Files\nodejs/node.exe" 
"C:\Program 
Files\nodejs/node_mo 
...
+ ~~~~~~~~~~~~~~~~~~~~~
~~~~~~~~~~~~~~~~~~~~~~~
~~~~~~~~~~~~~~~~~~~~~~~
~~
    + CategoryInfo     
         : NotSpecifi  
  ed: ([1m[31m[31   
 mX...r-compiler][    
0m:String) [], Rem    
oteException
    + FullyQualifiedEr 
   rorId : NativeComm  
  andError
 

    src/app/app.routes.
ts:10:31:
[37m      10 Ôöé 
import { 
DashboardAdmin } from 
[32m'./pages/admin/dash
board-admin'[37m
         ÔòÁ           
                     [
32m~~~~~~~~~~~~~~~~~~~~
~~~~~~~~~~~[0m


[31mX [41;31m[[41;97
mERROR[41;31m][0m 
[1mTS2307: Cannot 
find module './pages/ad
min/reservations' or 
its corresponding type 
declarations.[0m 
[1m[35m[plugin 
angular-compiler][0m

    src/app/app.routes.
ts:11:50:
[37m      11 Ôöé 
...ervations as 
AdminReservations } 
from [32m'./pages/admi
n/reservations'[37m
         ÔòÁ           
                       
        [32m~~~~~~~~~~
~~~~~~~~~~~~~~~~~~[0m


[31mX [41;31m[[41;97
mERROR[41;31m][0m 
[1mTS2307: Cannot 
find module 
'./pages/admin/users' 
or its corresponding 
type declarations.[0m 
[1m[35m[plugin 
angular-compiler][0m

    src/app/app.routes.
ts:12:22:
[37m      12 Ôöé 
import { Users } from 
[32m'./pages/admin/user
s'[37m
         ÔòÁ           
            [32m~~~~~~
~~~~~~~~~~~~~~~[0m


[31mX [41;31m[[41;97
mERROR[41;31m][0m 
[1mTS2307: Cannot 
find module './pages/re
cepcionista/dashboard-r
ecepcionista' or its 
corresponding type 
declarations.[0m 
[1m[35m[plugin 
angular-compiler][0m

    src/app/app.routes.
ts:14:39:
[37m      14 Ôöé 
...cepcionista } from 
[32m'./pages/recepcioni
sta/dashboard-recepcion
ista'[37m
         ÔòÁ           
            [32m~~~~~~
~~~~~~~~~~~~~~~~~~~~~~~
~~~~~~~~~~~~~~~~~~[0m


[31mX [41;31m[[41;97
mERROR[41;31m][0m 
[1mTS2307: Cannot 
find module './pages/re
cepcionista/reservation
s' or its 
corresponding type 
declarations.[0m 
[1m[35m[plugin 
angular-compiler][0m

    src/app/app.routes.
ts:15:58:
[37m      15 Ôöé ...ep
cionistaReservations } 
from [32m'./pages/rece
pcionista/reservations'
[37m
         ÔòÁ           
                       
[32m~~~~~~~~~~~~~~~~~~
~~~~~~~~~~~~~~~~~~[0m


[31mX [41;31m[[41;97
mERROR[41;31m][0m 
[1mTS2307: Cannot 
find module './pages/re
cepcionista/reservation
s-detail' or its 
corresponding type 
declarations.[0m 
[1m[35m[plugin 
angular-compiler][0m

    src/app/app.routes.
ts:16:70:
[37m      16 Ôöé 
...ervationsDetail } 
from [32m'./pages/rece
pcionista/reservations-
detail'[37m
         ÔòÁ           
                [32m~~
~~~~~~~~~~~~~~~~~~~~~~~
~~~~~~~~~~~~~~~~~~[0m


[31mX [41;31m[[41;97
mERROR[41;31m][0m 
[1mTS2307: Cannot 
find module './pages/cl
iente/create-reservatio
n' or its 
corresponding type 
declarations.[0m 
[1m[35m[plugin 
angular-compiler][0m

    src/app/app.routes.
ts:18:34:
[37m      18 Ôöé 
...rt { 
CreateReservation } 
from [32m'./pages/clie
nte/create-reservation'
[37m
         ÔòÁ           
                       
[32m~~~~~~~~~~~~~~~~~~
~~~~~~~~~~~~~~~~~~[0m


[31mX [41;31m[[41;97
mERROR[41;31m][0m 
[1mTS2307: Cannot 
find module './pages/cl
iente/my-reservations' 
or its corresponding 
type declarations.[0m 
[1m[35m[plugin 
angular-compiler][0m

    src/app/app.routes.
ts:19:31:
[37m      19 Ôöé 
import { 
MyReservations } from 
[32m'./pages/cliente/my
-reservations'[37m
         ÔòÁ           
                     [
32m~~~~~~~~~~~~~~~~~~~~
~~~~~~~~~~~~~[0m


[31mX [41;31m[[41;97
mERROR[41;31m][0m 
[1mTS2307: Cannot 
find module './pages/cl
iente/reservation-detai
l' or its 
corresponding type 
declarations.[0m 
[1m[35m[plugin 
angular-compiler][0m

    src/app/app.routes.
ts:20:34:
[37m      20 Ôöé 
...rt { 
ReservationDetail } 
from [32m'./pages/clie
nte/reservation-detail'
[37m
         ÔòÁ           
                       
[32m~~~~~~~~~~~~~~~~~~
~~~~~~~~~~~~~~~~~~[0m


[31mX [41;31m[[41;97
mERROR[41;31m][0m 
[1mTS2307: Cannot 
find module '../../../s
hared/navbar/navbar.com
ponent' or its 
corresponding type 
declarations.[0m 
[1m[35m[plugin 
angular-compiler][0m

    src/app/pages/auth/
reset-password.componen
t.ts:5:32:
[37m      5 Ôöé ... { 
NavbarComponent } from 
[32m'../../../shared/n
avbar/navbar.component'
[37m
        ÔòÁ            
                  [32m
~~~~~~~~~~~~~~~~~~~~~~~
~~~~~~~~~~~~~~~~~~[0m


[31mX [41;31m[[41;97
mERROR[41;31m][0m 
[1mTS2307: Cannot 
find module '../../../s
hared/footer/footer.com
ponent' or its 
corresponding type 
declarations.[0m 
[1m[35m[plugin 
angular-compiler][0m

    src/app/pages/auth/
reset-password.componen
t.ts:6:32:
[37m      6 Ôöé ... { 
FooterComponent } from 
[32m'../../../shared/f
ooter/footer.component'
[37m
        ÔòÁ            
                  [32m
~~~~~~~~~~~~~~~~~~~~~~~
~~~~~~~~~~~~~~~~~~[0m


[31mX [41;31m[[41;97
mERROR[41;31m][0m 
[1mTS2307: Cannot 
find module '../../../c
ore/services/alert.serv
ice' or its 
corresponding type 
declarations.[0m 
[1m[35m[plugin 
angular-compiler][0m

    src/app/pages/auth/
reset-password.componen
t.ts:7:29:
[37m      7 Ôöé 
import { AlertService 
} from [32m'../../../c
ore/services/alert.serv
ice'[37m
        ÔòÁ            
                  [32m
~~~~~~~~~~~~~~~~~~~~~~~
~~~~~~~~~~~~~~~[0m


[31mX [41;31m[[41;97
mERROR[41;31m][0m 
[1mNG2003: No 
suitable injection 
token for parameter 
'alertService' of 
class 'ResetPassword'.
  Consider using the 
@Inject decorator to 
specify an injection 
token.[0m 
[1m[35m[plugin 
angular-compiler][0m

    src/app/pages/auth/
reset-password.componen
t.ts:23:16:
[37m      23 Ôöé      
   private [32malertSe
rvice[37m: 
AlertService
         ÔòÁ           
      
[32m~~~~~~~~~~~~[0m

  This type does not 
have a value, so it 
cannot be used as 
injection token.

    src/app/pages/auth/
reset-password.componen
t.ts:23:30:
[37m      23 Ôöé      
   private 
alertService: 
[32mAlertService[37m
         ÔòÁ           
                    
[32m~~~~~~~~~~~~[0m


[31mX [41;31m[[41;97
mERROR[41;31m][0m 
[1mNG2008: Could not 
find template file './r
eservations-detail.html
'.[0m 
[1m[35m[plugin 
angular-compiler][0m

    src/app/pages/recep
cionista/reservations-d
etail/reservations-deta
il.component.ts:6:15:
[37m      6 Ôöé   
templateUrl: [32m'./re
servations-detail.html'
[37m,
        ÔòÁ            
    [32m~~~~~~~~~~~~~~
~~~~~~~~~~~~~~[0m


[31mX [41;31m[[41;97
mERROR[41;31m][0m 
[1mCould not resolve "
./pages/admin/dashboard
-admin"[0m

    src/app/app.routes.
ts:10:31:
[37m      10 Ôöé 
import { 
DashboardAdmin } from 
[32m'./pages/admin/dash
board-admin'[37m
         ÔòÁ           
                     [
32m~~~~~~~~~~~~~~~~~~~~
~~~~~~~~~~~[0m


[31mX [41;31m[[41;97
mERROR[41;31m][0m 
[1mCould not resolve "
./pages/admin/reservati
ons"[0m

    src/app/app.routes.
ts:11:50:
[37m      11 Ôöé 
...ervations as 
AdminReservations } 
from [32m'./pages/admi
n/reservations'[37m
         ÔòÁ           
                       
        [32m~~~~~~~~~~
~~~~~~~~~~~~~~~~~~[0m


[31mX [41;31m[[41;97
mERROR[41;31m][0m 
[1mCould not resolve "
./pages/admin/users"[0
m

    src/app/app.routes.
ts:12:22:
[37m      12 Ôöé 
import { Users } from 
[32m'./pages/admin/user
s'[37m
         ÔòÁ           
            [32m~~~~~~
~~~~~~~~~~~~~~~[0m


[31mX [41;31m[[41;97
mERROR[41;31m][0m 
[1mCould not resolve "
./pages/recepcionista/d
ashboard-recepcionista"
[0m

    src/app/app.routes.
ts:14:39:
[37m      14 Ôöé 
...cepcionista } from 
[32m'./pages/recepcioni
sta/dashboard-recepcion
ista'[37m
         ÔòÁ           
            [32m~~~~~~
~~~~~~~~~~~~~~~~~~~~~~~
~~~~~~~~~~~~~~~~~~[0m


[31mX [41;31m[[41;97
mERROR[41;31m][0m 
[1mCould not resolve "
./pages/recepcionista/r
eservations"[0m

    src/app/app.routes.
ts:15:58:
[37m      15 Ôöé ...ep
cionistaReservations } 
from [32m'./pages/rece
pcionista/reservations'
[37m
         ÔòÁ           
                       
[32m~~~~~~~~~~~~~~~~~~
~~~~~~~~~~~~~~~~~~[0m


[31mX [41;31m[[41;97
mERROR[41;31m][0m 
[1mCould not resolve "
./pages/recepcionista/r
eservations-detail"[0m

    src/app/app.routes.
ts:16:70:
[37m      16 Ôöé 
...ervationsDetail } 
from [32m'./pages/rece
pcionista/reservations-
detail'[37m
         ÔòÁ           
                [32m~~
~~~~~~~~~~~~~~~~~~~~~~~
~~~~~~~~~~~~~~~~~~[0m


[31mX [41;31m[[41;97
mERROR[41;31m][0m 
[1mCould not resolve "
./pages/cliente/create-
reservation"[0m

    src/app/app.routes.
ts:18:34:
[37m      18 Ôöé 
...rt { 
CreateReservation } 
from [32m'./pages/clie
nte/create-reservation'
[37m
         ÔòÁ           
                       
[32m~~~~~~~~~~~~~~~~~~
~~~~~~~~~~~~~~~~~~[0m


[31mX [41;31m[[41;97
mERROR[41;31m][0m 
[1mCould not resolve "
./pages/cliente/my-rese
rvations"[0m

    src/app/app.routes.
ts:19:31:
[37m      19 Ôöé 
import { 
MyReservations } from 
[32m'./pages/cliente/my
-reservations'[37m
         ÔòÁ           
                     [
32m~~~~~~~~~~~~~~~~~~~~
~~~~~~~~~~~~~[0m


[31mX [41;31m[[41;97
mERROR[41;31m][0m 
[1mCould not resolve "
./pages/cliente/reserva
tion-detail"[0m

    src/app/app.routes.
ts:20:34:
[37m      20 Ôöé 
...rt { 
ReservationDetail } 
from [32m'./pages/clie
nte/reservation-detail'
[37m
         ÔòÁ           
                       
[32m~~~~~~~~~~~~~~~~~~
~~~~~~~~~~~~~~~~~~[0m


[31mX [41;31m[[41;97
mERROR[41;31m][0m 
[1mCould not resolve "
../../../shared/navbar/
navbar.component"[0m

    src/app/pages/auth/
reset-password.componen
t.ts:5:32:
[37m      5 Ôöé ... { 
NavbarComponent } from 
[32m'../../../shared/n
avbar/navbar.component'
[37m
        ÔòÁ            
                  [32m
~~~~~~~~~~~~~~~~~~~~~~~
~~~~~~~~~~~~~~~~~~[0m


[31mX [41;31m[[41;97
mERROR[41;31m][0m 
[1mCould not resolve "
../../../shared/footer/
footer.component"[0m

    src/app/pages/auth/
reset-password.componen
t.ts:6:32:
[37m      6 Ôöé ... { 
FooterComponent } from 
[32m'../../../shared/f
ooter/footer.component'
[37m
        ÔòÁ            
                  [32m
~~~~~~~~~~~~~~~~~~~~~~~
~~~~~~~~~~~~~~~~~~[0m

[39m[22m
